limbo
god
medienne
medforest
anthill
chiiron
darkforestB
medgraveyd
natcaves
mines
mountain
slimecave
elftown
wharf
GraveydLag
koboldcaves
monastery
medsewers
vaasa
voaleth
nseatrail
beachsea
darkforestA
chiibrush
chiwaterfall
ksskswampA
chiicemetery
seacave
vertpass
khada
orcraider
zarander
bugbear
GreatNorthRd
darkhaven
denabknur
cairnmtn
soskul
ksskswampB
warlockcoven
dwarfreneg
hillgiants
nkhada
CastleLag
orlum
death
arena
blank23
shatterkeep
kerog
trollwarrens
darkenwood
CryptMed
GrtDesertRd
narak
pennarak
blank32
blank33
PennanRua
catacombs
voalethcave
blank38
RenegGnome
talonwood
blank41
BlackHills
HillsPennan
DecrHouse
blank45
darkcitadel
RabbitWarren
arndchiiron
blank49
PennanShops
blank51
blank52
RuinedManse
bitterpool
OldForestRd
narakdesert
desertnarak
blank58
BlkHillsRd
fireants
CliffEagles
DesertOgre
GiantBees
blank64
PixieForest
blank66
blank67
IguanaLair
DragonspGlac
BarrenBrush
blank71
gremlins
tombharandda
ChiiBandits
blank75
blank76
SouthCairn
NarakiDesert
GreatPyramid
desertcanyon
blank81
mangits
Troglodytes
blank84
VyanTombs
elfvillage
VoalthPalace
BlkTemple
brithbarad
blank89
blank90
BlackWastes
ethertower
efreets
therift
blank96
blank97
snowplain
blank99
EnchGarden
westplains
blnk102
blnk103
SeaSprite
gloryhole
theatre
TempleRilahl
RdTarikNor
DragonHatch
blnk110
blnk111
orl
blnk113
DesertScarab
blnk115
blnk116
blnk117
blnk118
blnk119
blnk120
blnk121
blnk122
EerieCaves
BarbCamp
GreatIcalah
PathDestiny
TirethSwamp
Sjerdils
blnk129
CrabmanCat
blnk131
blnk132
MistMarsh
GnomePicnic
HarksFinger
VoalthTunnel
blnk138
ForgotTombs
beaver
CyclopsCave
shadowforest
blnk144
blnk145
blnk146
FireNewts
Wererats
blnk149
blnk150
blnk151
blnk152
OrlumberRd
blnk154
blnk155
blnk156
blnk157
blnk158
blnk159
blnk160
blnk161
blnk162
$

